Command: /mnt/vol_NFS_rh003/Est_Veri_II2026/ELIZONDO_ESPINOZA_JUAN_VeriII26/VFCI-Proyecto-1/sim/./simv +ntb_random_seed_automatic +timeout=10000 +drain_cycles=500 +drvrs=4 +wt_destino_valido=70 +wt_destino_invalido=20 +wt_broadcast=10 +min_delay=0 +max_delay=5 +payload_min=0 +payload_max=255 +broadcast_origen=0 +acaparador_origen=1 +autoenvio_origen=2 +acaparador_cantidad=7 +n_soak=15 +soak_delay=2 +csv_out=packets.csv -l sim.log
Chronologic VCS simulator copyright 1991-2020
Contains Synopsys proprietary information.
Compiler version R-2020.12-SP2_Full64; Runtime version R-2020.12-SP2_Full64;  Oct  2 11:24 2026
NOTE: automatic random seed used: 3585533309
  [CFG] drvrs                  = 4 (from plusarg)
  [CFG] wt_destino_valido      = 70 (from plusarg)
  [CFG] wt_destino_invalido    = 20 (from plusarg)
  [CFG] wt_broadcast           = 10 (from plusarg)
  [CFG] min_delay              = 0 (from plusarg)
  [CFG] max_delay              = 5 (from plusarg)
  [CFG] payload_min            = 0 (from plusarg)
  [CFG] payload_max            = 255 (from plusarg)
  [CFG] broadcast_origen       = 0 (from plusarg)
  [CFG] acaparador_origen      = 1 (from plusarg)
  [CFG] acaparador_cantidad    = 7 (from plusarg)
  [CFG] autoenvio_origen       = 2 (from plusarg)
  [CFG] n_soak                 = 15 (from plusarg)
  [CFG] soak_delay             = 2 (from plusarg)
  [CFG] timeout                = 10000 (from plusarg)
  [CFG] drain_cycles           = 500 (from plusarg)
T=0 [DRIVER_CONTROLLER] Starting reset...
T=20000 [DRIVER_CONTROLLER] Reset completed.
T=20000 [DRIVER_CONTROLLER] Starting...
T=20000 [MONITOR_CONTROLLER] Starting...
[CHECKER-CSV] Reporte CSV -> packets.csv
T=20000 [AGENTE] Starting...
T=20000 [AGENTE] Waiting for an instruction...
T=20000 [SCOREBOARD] Starting...
T=20000 [GENERADOR] Starting...
T=20000 [GENERADOR] Waiting for an order...
T=20000 [GENERADOR] Generating simultaneous traffic...
T=20000 [GENERADOR] Waiting for an order...
T=20000 [DRIVER_SON 0] Starting...
T=20000 [DRIVER_SON 1] Starting...
T=20000 [DRIVER_SON 2] Starting...
T=20000 [DRIVER_SON 3] Starting...
T=20000 [DRIVER_CONTROLLER] Waiting for an instruction...
T=20000 [MONITOR_SON 0] Starting...
T=20000 [MONITOR_SON 1] Starting...
T=20000 [MONITOR_SON 2] Starting...
T=20000 [MONITOR_SON 3] Starting...
T=20000 [AGENTE] Specific transaction requested.
T=20000 [AGENTE] Waiting for an instruction...
T=20000 [AGENTE] Specific transaction requested.
T=20000 [AGENTE] Waiting for an instruction...
T=20000 [AGENTE] Specific transaction requested.
T=20000 [AGENTE] Waiting for an instruction...
T=20000 [AGENTE] Specific transaction requested.
T=20000 [AGENTE] Waiting for an instruction...
T=20000 [DRIVER_SON 0] Waiting for an instruction...
T=20000 [DRIVER_SON 1] Waiting for an instruction...
T=20000 [DRIVER_SON 2] Waiting for an instruction...
T=20000 [DRIVER_SON 3] Waiting for an instruction...
T=20000 [DRIVER_CONTROLLER] Instruction sent to driver_son 0.
T=20000 [DRIVER_CONTROLLER] Waiting for an instruction...
T=20000 [DRIVER_CONTROLLER] Instruction sent to driver_son 1.
T=20000 [DRIVER_CONTROLLER] Waiting for an instruction...
T=20000 [DRIVER_CONTROLLER] Instruction sent to driver_son 2.
T=20000 [DRIVER_CONTROLLER] Waiting for an instruction...
T=20000 [DRIVER_CONTROLLER] Instruction sent to driver_son 3.
T=20000 [DRIVER_CONTROLLER] Waiting for an instruction...
T=20000 [DRIVER_SON 0] Instruction save in TX queue.
T=20000 [DRIVER_SON 0] Waiting for an instruction...
T=20000 [DRIVER_SON 1] Instruction save in TX queue.
T=20000 [DRIVER_SON 1] Waiting for an instruction...
T=20000 [DRIVER_SON 2] Instruction save in TX queue.
T=20000 [DRIVER_SON 2] Waiting for an instruction...
T=20000 [DRIVER_SON 3] Instruction save in TX queue.
T=20000 [DRIVER_SON 3] Waiting for an instruction...
T=45000 [DRIVER_SON 1] Packet sent to DUT.
T=45000 [DRIVER_SON 2] Packet sent to DUT.
T=45000 [DRIVER_SON 3] Packet sent to DUT.
T=45000 [DRIVER_SON 0] Packet sent to DUT.
T=115000 [GENERADOR] Generating a broadcast scenario on terminal 0...
T=115000 [GENERADOR] Waiting for an order...
T=115000 [AGENTE] Specific transaction requested.
T=115000 [AGENTE] Waiting for an instruction...
T=115000 [DRIVER_CONTROLLER] Instruction sent to driver_son 0.
T=115000 [DRIVER_CONTROLLER] Waiting for an instruction...
T=115000 [DRIVER_SON 0] Instruction save in TX queue.
T=115000 [DRIVER_SON 0] Waiting for an instruction...
T=215000 [GENERADOR] Generating an invalid scenario on all terminals...
T=215000 [GENERADOR] Waiting for an order...
T=215000 [AGENTE] Specific transaction requested.
T=215000 [AGENTE] Waiting for an instruction...
T=215000 [AGENTE] Specific transaction requested.
T=215000 [AGENTE] Waiting for an instruction...
T=215000 [AGENTE] Specific transaction requested.
T=215000 [AGENTE] Waiting for an instruction...
T=215000 [AGENTE] Specific transaction requested.
T=215000 [AGENTE] Waiting for an instruction...
T=215000 [DRIVER_CONTROLLER] Instruction sent to driver_son 0.
T=215000 [DRIVER_CONTROLLER] Waiting for an instruction...
T=215000 [DRIVER_CONTROLLER] Instruction sent to driver_son 1.
T=215000 [DRIVER_CONTROLLER] Waiting for an instruction...
T=215000 [DRIVER_CONTROLLER] Instruction sent to driver_son 2.
T=215000 [DRIVER_CONTROLLER] Waiting for an instruction...
T=215000 [DRIVER_CONTROLLER] Instruction sent to driver_son 3.
T=215000 [DRIVER_CONTROLLER] Waiting for an instruction...
T=215000 [DRIVER_SON 0] Instruction save in TX queue.
T=215000 [DRIVER_SON 0] Waiting for an instruction...
T=215000 [DRIVER_SON 1] Instruction save in TX queue.
T=215000 [DRIVER_SON 1] Waiting for an instruction...
T=215000 [DRIVER_SON 2] Instruction save in TX queue.
T=215000 [DRIVER_SON 2] Waiting for an instruction...
T=215000 [DRIVER_SON 3] Instruction save in TX queue.
T=215000 [DRIVER_SON 3] Waiting for an instruction...
T=265000 [DRIVER_SON 2] Packet sent to DUT.
T=315000 [GENERADOR] Terminal 1 requesting bus 7 times in a row...
T=315000 [GENERADOR] Waiting for an order...
T=315000 [AGENTE] Specific transaction requested.
T=315000 [AGENTE] Waiting for an instruction...
T=315000 [AGENTE] Specific transaction requested.
T=315000 [AGENTE] Waiting for an instruction...
T=315000 [AGENTE] Specific transaction requested.
T=315000 [AGENTE] Waiting for an instruction...
T=315000 [AGENTE] Specific transaction requested.
T=315000 [AGENTE] Waiting for an instruction...
T=315000 [AGENTE] Specific transaction requested.
T=315000 [AGENTE] Waiting for an instruction...
T=315000 [AGENTE] Specific transaction requested.
T=315000 [AGENTE] Waiting for an instruction...
T=315000 [AGENTE] Specific transaction requested.
T=315000 [AGENTE] Waiting for an instruction...
T=315000 [DRIVER_CONTROLLER] Instruction sent to driver_son 1.
T=315000 [DRIVER_CONTROLLER] Waiting for an instruction...
T=315000 [DRIVER_CONTROLLER] Instruction sent to driver_son 1.
T=315000 [DRIVER_CONTROLLER] Waiting for an instruction...
T=315000 [DRIVER_CONTROLLER] Instruction sent to driver_son 1.
T=315000 [DRIVER_CONTROLLER] Waiting for an instruction...
T=315000 [DRIVER_CONTROLLER] Instruction sent to driver_son 1.
T=315000 [DRIVER_CONTROLLER] Waiting for an instruction...
T=315000 [DRIVER_CONTROLLER] Instruction sent to driver_son 1.
T=315000 [DRIVER_CONTROLLER] Waiting for an instruction...
T=315000 [DRIVER_CONTROLLER] Instruction sent to driver_son 1.
T=315000 [DRIVER_CONTROLLER] Waiting for an instruction...
T=315000 [DRIVER_CONTROLLER] Instruction sent to driver_son 1.
T=315000 [DRIVER_CONTROLLER] Waiting for an instruction...
T=315000 [DRIVER_SON 1] Instruction save in TX queue.
T=315000 [DRIVER_SON 1] Waiting for an instruction...
T=315000 [DRIVER_SON 1] Instruction save in TX queue.
T=315000 [DRIVER_SON 1] Waiting for an instruction...
T=315000 [DRIVER_SON 1] Instruction save in TX queue.
T=315000 [DRIVER_SON 1] Waiting for an instruction...
T=315000 [DRIVER_SON 1] Instruction save in TX queue.
T=315000 [DRIVER_SON 1] Waiting for an instruction...
T=315000 [DRIVER_SON 1] Instruction save in TX queue.
T=315000 [DRIVER_SON 1] Waiting for an instruction...
T=315000 [DRIVER_SON 1] Instruction save in TX queue.
T=315000 [DRIVER_SON 1] Waiting for an instruction...
T=315000 [DRIVER_SON 1] Instruction save in TX queue.
T=315000 [DRIVER_SON 1] Waiting for an instruction...
T=415000 [GENERADOR] Terminal 2 sending to itself...
T=415000 [GENERADOR] Waiting for an order...
T=415000 [AGENTE] Specific transaction requested.
T=415000 [AGENTE] Waiting for an instruction...
T=415000 [DRIVER_CONTROLLER] Instruction sent to driver_son 2.
T=415000 [DRIVER_CONTROLLER] Waiting for an instruction...
T=415000 [DRIVER_SON 2] Instruction save in TX queue.
T=415000 [DRIVER_SON 2] Waiting for an instruction...
T=465000 [DRIVER_SON 3] Packet sent to DUT.
T=515000 [GENERADOR] Generating         15 random scenarios...
T=515000 [GENERADOR] Waiting for an order...
T=515000 [AGENTE] Sequence of 15 random transactions requested.
T=515000 [AGENTE] Waiting for an instruction...
T=515000 [DRIVER_CONTROLLER] Instruction sent to driver_son 3.
T=515000 [DRIVER_CONTROLLER] Waiting for an instruction...
T=515000 [DRIVER_CONTROLLER] Instruction sent to driver_son 0.
T=515000 [DRIVER_CONTROLLER] Waiting for an instruction...
T=515000 [DRIVER_CONTROLLER] Instruction sent to driver_son 2.
T=515000 [DRIVER_CONTROLLER] Waiting for an instruction...
T=515000 [DRIVER_CONTROLLER] Instruction sent to driver_son 3.
T=515000 [DRIVER_CONTROLLER] Waiting for an instruction...
T=515000 [DRIVER_CONTROLLER] Instruction sent to driver_son 1.
T=515000 [DRIVER_CONTROLLER] Waiting for an instruction...
T=515000 [DRIVER_CONTROLLER] Instruction sent to driver_son 3.
T=515000 [DRIVER_CONTROLLER] Waiting for an instruction...
T=515000 [DRIVER_CONTROLLER] Instruction sent to driver_son 1.
T=515000 [DRIVER_CONTROLLER] Waiting for an instruction...
T=515000 [DRIVER_CONTROLLER] Instruction sent to driver_son 0.
T=515000 [DRIVER_CONTROLLER] Waiting for an instruction...
T=515000 [DRIVER_CONTROLLER] Instruction sent to driver_son 3.
T=515000 [DRIVER_CONTROLLER] Waiting for an instruction...
T=515000 [DRIVER_CONTROLLER] Instruction sent to driver_son 3.
T=515000 [DRIVER_CONTROLLER] Waiting for an instruction...
T=515000 [DRIVER_CONTROLLER] Instruction sent to driver_son 3.
T=515000 [DRIVER_CONTROLLER] Waiting for an instruction...
T=515000 [DRIVER_CONTROLLER] Instruction sent to driver_son 3.
T=515000 [DRIVER_CONTROLLER] Waiting for an instruction...
T=515000 [DRIVER_CONTROLLER] Instruction sent to driver_son 3.
T=515000 [DRIVER_CONTROLLER] Waiting for an instruction...
T=515000 [DRIVER_CONTROLLER] Instruction sent to driver_son 0.
T=515000 [DRIVER_CONTROLLER] Waiting for an instruction...
T=515000 [DRIVER_CONTROLLER] Instruction sent to driver_son 3.
T=515000 [DRIVER_CONTROLLER] Waiting for an instruction...
T=515000 [DRIVER_SON 3] Instruction save in TX queue.
T=515000 [DRIVER_SON 3] Waiting for an instruction...
T=515000 [DRIVER_SON 3] Instruction save in TX queue.
T=515000 [DRIVER_SON 3] Waiting for an instruction...
T=515000 [DRIVER_SON 3] Instruction save in TX queue.
T=515000 [DRIVER_SON 3] Waiting for an instruction...
T=515000 [DRIVER_SON 3] Instruction save in TX queue.
T=515000 [DRIVER_SON 3] Waiting for an instruction...
T=515000 [DRIVER_SON 3] Instruction save in TX queue.
T=515000 [DRIVER_SON 3] Waiting for an instruction...
T=515000 [DRIVER_SON 3] Instruction save in TX queue.
T=515000 [DRIVER_SON 3] Waiting for an instruction...
T=515000 [DRIVER_SON 3] Instruction save in TX queue.
T=515000 [DRIVER_SON 3] Waiting for an instruction...
T=515000 [DRIVER_SON 3] Instruction save in TX queue.
T=515000 [DRIVER_SON 3] Waiting for an instruction...
T=515000 [DRIVER_SON 3] Instruction save in TX queue.
T=515000 [DRIVER_SON 3] Waiting for an instruction...
T=515000 [DRIVER_SON 0] Instruction save in TX queue.
T=515000 [DRIVER_SON 0] Waiting for an instruction...
T=515000 [DRIVER_SON 0] Instruction save in TX queue.
T=515000 [DRIVER_SON 0] Waiting for an instruction...
T=515000 [DRIVER_SON 0] Instruction save in TX queue.
T=515000 [DRIVER_SON 0] Waiting for an instruction...
T=515000 [DRIVER_SON 2] Instruction save in TX queue.
T=515000 [DRIVER_SON 2] Waiting for an instruction...
T=515000 [DRIVER_SON 1] Instruction save in TX queue.
T=515000 [DRIVER_SON 1] Waiting for an instruction...
T=515000 [DRIVER_SON 1] Instruction save in TX queue.
T=515000 [DRIVER_SON 1] Waiting for an instruction...
T=615000 [DRIVER_CONTROLLER] Waiting for the DUT to consume the packets...
T=665000 [DRIVER_SON 0] Packet sent to DUT.
T=865000 [DRIVER_SON 1] Packet sent to DUT.
T=1065000 [DRIVER_SON 2] Packet sent to DUT.
T=1265000 [DRIVER_SON 3] Packet sent to DUT.
T=1465000 [DRIVER_SON 0] Packet sent to DUT.
T=1665000 [DRIVER_SON 1] Packet sent to DUT.
T=1865000 [DRIVER_SON 2] Packet sent to DUT.
T=2065000 [DRIVER_SON 3] Packet sent to DUT.
T=2265000 [DRIVER_SON 0] Packet sent to DUT.
T=2465000 [DRIVER_SON 1] Packet sent to DUT.
T=2865000 [DRIVER_SON 3] Packet sent to DUT.
T=3065000 [DRIVER_SON 0] Packet sent to DUT.
T=3265000 [DRIVER_SON 1] Packet sent to DUT.
T=3475000 [DRIVER_SON 3] Packet sent to DUT.
T=3675000 [DRIVER_SON 0] Packet sent to DUT.
T=3875000 [DRIVER_SON 1] Packet sent to DUT.
T=4085000 [DRIVER_SON 3] Packet sent to DUT.
T=4485000 [DRIVER_SON 1] Packet sent to DUT.
T=4695000 [DRIVER_SON 3] Packet sent to DUT.
T=4905000 [DRIVER_SON 1] Packet sent to DUT.
T=5115000 [DRIVER_SON 3] Packet sent to DUT.
T=5325000 [DRIVER_SON 1] Packet sent to DUT.
T=5535000 [DRIVER_SON 3] Packet sent to DUT.
T=5745000 [DRIVER_SON 1] Packet sent to DUT.
T=5955000 [DRIVER_SON 3] Packet sent to DUT.
T=6165000 [DRIVER_SON 1] Packet sent to DUT.
T=6165000 [DRIVER_CONTROLLER] All TX queues are empty.
=====================================================
[CHECKER] REPORTE FINAL
-----------------------------------------------------
  Esperados totales     : 32
  RX totales observados : 28
  TX totales observados : 32
  Resets observados     : 0
  Esperados desc. reset : 0
-----------------------------------------------------
  Matches P2P           : 16
  Matches Autoenvio     : 6
  Matches Broadcast     : 4
  Matches Invalido      : 6
-----------------------------------------------------
  Mismatches payload    : 0
  Missing TX            : 0
  Missing RX            : 0
  Unexpected RX         : 0
  Unexpected TX         : 0
-----------------------------------------------------
  CSV filas escritas    : 28
  CSV matches ambiguos  : 0
  CSV delays negativos  : 0
=====================================================
>>> TEST PASSED <<<
T=11165000 [TEST] Test completed.
$finish called from file "../tb/test.sv", line 59.
$finish at simulation time             11165000
           V C S   S i m u l a t i o n   R e p o r t 
Time: 11165000 ps
CPU Time:      0.950 seconds;       Data structure size:   0.2Mb
Fri Oct  2 11:24:05 2026
